
  Phase 1: Initial Mark

  这是CMS中两次stop-the-world事件中的一次。它有两个目标：一是标记老年代中所有的GC Roots；二是标记被年轻代中活着的对象引用的对象。

  标记结果如下：



  分析：

  2016-08-23T11:23:07.321-0200: 64.421: [GC (CMS Initial Mark2[1 CMS-initial-mark: 10812086K3(11901376K)4] 10887844K5(12514816K)6, 0.0001997 secs] [Times: user=0.00 sys=0.00, real=0.00 secs]7

  016-08-23T11:23:07.321-0200: 64.42 – GC事件开始，包括时钟时间和相对JVM启动时候的相对时间，下边所有的阶段改时间的含义相同；
  CMS Initial Mark – 收集阶段，开始收集所有的GC Roots和直接引用到的对象；
  10812086K – 当前老年代使用情况；
  (11901376K) – 老年代可用容量；
  10887844K – 当前整个堆的使用情况；
  (12514816K) – 整个堆的容量；
  0.0001997 secs] [Times: user=0.00 sys=0.00, real=0.00 secs] – 时间计量；
  Phase 2: Concurrent Mark

  这个阶段会遍历整个老年代并且标记所有存活的对象，从“初始化标记”阶段找到的GC Roots开始。并发标记的特点是和应用程序线程同时运行。并不是老年代的所有存活对象都会被标记，因为标记的同时应用程序会改变一些对象的引用等。

  标记结果如下：



  在上边的图中，一个引用的箭头已经远离了当前对象（current obj）

  分析：

  2016-08-23T11:23:07.321-0200: 64.425: [CMS-concurrent-mark-start]
  2016-08-23T11:23:07.357-0200: 64.460: [CMS-concurrent-mark1: 035/0.035 secs2] [Times: user=0.07 sys=0.00, real=0.03 secs]3
  CMS-concurrent-mark – 并发收集阶段，这个阶段会遍历整个年老代并且标记活着的对象；
  035/0.035 secs – 展示该阶段持续的时间和时钟时间；
  [Times: user=0.07 sys=0.00, real=0.03 secs] – 同上
  Phase 3: Concurrent Preclean

  这个阶段又是一个并发阶段，和应用线程并行运行，不会中断他们。前一个阶段在并行运行的时候，一些对象的引用已经发生了变化，当这些引用发生变化的时候，JVM会标记堆的这个区域为Dirty Card(包含被标记但是改变了的对象，被认为"dirty")，这就是 Card Marking。



  在pre-clean阶段，那些能够从dirty card对象到达的对象也会被标记，这个标记做完之后，dirty card标记就会被清除了，如下：



  另外，一些必要的清扫工作也会做，还会做一些final remark阶段需要的准备工作；

  分析

  2016-08-23T11:23:07.357-0200: 64.460: [CMS-concurrent-preclean-start]
  2016-08-23T11:23:07.373-0200: 64.476: [CMS-concurrent-preclean1: 0.016/0.016 secs2] [Times: user=0.02 sys=0.00, real=0.02 secs]3
  CMS-concurrent-preclean – 这个阶段负责前一个阶段标记了又发生改变的对象标记；
  0.016/0.016 secs – 展示该阶段持续的时间和时钟时间；
  [Times: user=0.02 sys=0.00, real=0.02 secs] – 同上
  Phase 4: Concurrent Abortable Preclean

  又一个并发阶段不会停止应用程序线程。这个阶段尝试着去承担STW的Final Remark阶段足够多的工作。这个阶段持续的时间依赖好多的因素，由于这个阶段是重复的做相同的事情直到发生aboart的条件（比如：重复的次数、多少量的工作、持续的时间等等）之一才会停止。

  2016-08-23T11:23:07.373-0200: 64.476: [CMS-concurrent-abortable-preclean-start]
  2016-08-23T11:23:08.446-0200: 65.550: [CMS-concurrent-abortable-preclean1: 0.167/1.074 secs2] [Times: user=0.20 sys=0.00, real=1.07 secs]3
  CMS-concurrent-abortable-preclean – 可终止的并发预清理；
  0.167/1.074 secs – 展示该阶段持续的时间和时钟时间（It is interesting to note that the user time reported is a lot smaller than clock time. Usually we have seen that real time is less than user time, meaning that some work was done in parallel and so elapsed clock time is less than used CPU time. Here we have a little amount of work – for 0.167 seconds of CPU time, and garbage collector threads were doing a lot of waiting. Essentially, they were trying to stave off for as long as possible before having to do an STW pause. By default, this phase may last for up to 5 seconds）；
  [Times: user=0.20 sys=0.00, real=1.07 secs] – 同上
  这个阶段很大程度的影响着即将来临的Final Remark的停顿，有相当一部分重要的 configuration options 和 失败的模式；

  Phase 5: Final Remark

  这个阶段是CMS中第二个并且是最后一个STW的阶段。该阶段的任务是完成标记整个年老代的所有的存活对象。由于之前的预处理是并发的，它可能跟不上应用程序改变的速度，这个时候，STW是非常需要的来完成这个严酷考验的阶段。

  通常CMS尽量运行Final Remark阶段在年轻代是足够干净的时候，目的是消除紧接着的连续的几个STW阶段。

  分析：

  2016-08-23T11:23:08.447-0200: 65.5501: [GC (CMS Final Remark2) [YG occupancy: 387920 K (613440 K)3]65.550: [Rescan (parallel) , 0.0085125 secs]465.559: [weak refs processing, 0.0000243 secs]65.5595: [class unloading, 0.0013120 secs]65.5606: [scrub string table, 0.0001759 secs7][1 CMS-remark: 10812086K(11901376K)8] 11200006K(12514816K) 9, 0.0110730 secs10] [[Times: user=0.06 sys=0.00, real=0.01 secs]11

  2016-08-23T11:23:08.447-0200: 65.550 – 同上；
  CMS Final Remark – 收集阶段，这个阶段会标记老年代全部的存活对象，包括那些在并发标记阶段更改的或者新创建的引用对象；
  YG occupancy: 387920 K (613440 K) – 年轻代当前占用情况和容量；
  [Rescan (parallel) , 0.0085125 secs] – 这个阶段在应用停止的阶段完成存活对象的标记工作；
  weak refs processing, 0.0000243 secs]65.559 – 第一个子阶段，随着这个阶段的进行处理弱引用；
  class unloading, 0.0013120 secs]65.560 – 第二个子阶段(that is unloading the unused classes, with the duration and timestamp of the phase);
  scrub string table, 0.0001759 secs – 最后一个子阶段（that is cleaning up symbol and string tables which hold class-level metadata and internalized string respectively）
  10812086K(11901376K) – 在这个阶段之后老年代占有的内存大小和老年代的容量；
  11200006K(12514816K) – 在这个阶段之后整个堆的内存大小和整个堆的容量；
  0.0110730 secs – 这个阶段的持续时间；
  [Times: user=0.06 sys=0.00, real=0.01 secs] – 同上；
  通过以上5个阶段的标记，老年代所有存活的对象已经被标记并且现在要通过Garbage Collector采用清扫的方式回收那些不能用的对象了。

  Phase 6: Concurrent Sweep

  和应用线程同时进行，不需要STW。这个阶段的目的就是移除那些不用的对象，回收他们占用的空间并且为将来使用。

  如图：

   

   



  分析：

  2016-08-23T11:23:08.458-0200: 65.561: [CMS-concurrent-sweep-start] 2016-08-23T11:23:08.485-0200: 65.588: [CMS-concurrent-sweep1: 0.027/0.027 secs2] [[Times: user=0.03 sys=0.00, real=0.03 secs] 3

  CMS-concurrent-sweep – 这个阶段主要是清除那些没有标记的对象并且回收空间；
  0.027/0.027 secs – 展示该阶段持续的时间和时钟时间；
  [Times: user=0.03 sys=0.00, real=0.03 secs] – 同上
  Phase 7: Concurrent Reset

  这个阶段并发执行，重新设置CMS算法内部的数据结构，准备下一个CMS生命周期的使用。

  2016-08-23T11:23:08.485-0200: 65.589: [CMS-concurrent-reset-start] 2016-08-23T11:23:08.497-0200: 65.601: [CMS-concurrent-reset1: 0.012/0.012 secs2] [[Times: user=0.01 sys=0.00, real=0.01 secs]3

  CMS-concurrent-reset – 这个阶段重新设置CMS算法内部的数据结构，为下一个收集阶段做准备；
  0.012/0.012 secs – 展示该阶段持续的时间和时钟时间；
  [Times: user=0.01 sys=0.00, real=0.01 secs] – 同上

  ————————————————
  版权声明：本文为CSDN博主「ZhaoYingChao88」的原创文章，遵循 CC 4.0 BY-SA 版权协议，转载请附上原文出处链接及本声明。
  原文链接：https://blog.csdn.net/ZYC88888/article/details/80362205
